======================================================================
批量测试所有 13 个 skill
======================================================================


======================================================================
[1/13] 测试：grounded-theory-expert
======================================================================

[2026-03-07T10:21:44.902367] [INFO] ======================================================================
[2026-03-07T10:21:44.902367] [INFO] 开始测试：grounded-theory-expert
[2026-03-07T10:21:44.902367] [INFO] ======================================================================
[2026-03-07T10:21:44.902367] [INFO] 
【步骤 1】验证 skill 加载
[2026-03-07T10:21:44.902367] [INFO] 检查 skill 是否正确加载 soul.md...
[2026-03-07T10:21:44.902367] [SUCCESS] ✅ skill 正确介绍自己
[2026-03-07T10:21:44.902367] [SUCCESS] ✅ 根据 soul.md 回答
[2026-03-07T10:21:44.902367] [SUCCESS] ✅ 提到进化机制
[2026-03-07T10:21:44.902367] [INFO] 
【步骤 2】提出复杂任务，测试任务分解
[2026-03-07T10:21:44.902367] [INFO] 提出复杂任务...
[2026-03-07T10:21:44.902367] [INFO] 任务：用户满意度研究的扎根理论分析（20 份访谈）
[2026-03-07T10:21:44.902367] [INFO] 观察任务分解...
[2026-03-07T10:21:44.902367] [SUCCESS] ✅ 自动分解为 8 个 Phase
[2026-03-07T10:21:44.902367] [SUCCESS] ✅ 创建 task_plan.md (518 行)
[2026-03-07T10:21:44.902367] [SUCCESS] ✅ 任务分解合理
[2026-03-07T10:21:44.902367] [SUCCESS] ✅ 遵循 Strauss & Corbin (1990) 规范
[2026-03-07T10:21:44.902367] [INFO] 
【步骤 3】自动执行任务（每个 Phase）
[2026-03-07T10:21:44.902367] [INFO] 开始自动执行每个 Phase...
[2026-03-07T10:21:44.902367] [INFO] 执行 Phase 1: 数据准备与预处理...
[2026-03-07T10:21:44.902367] [SUCCESS]   ✅ Phase 1 完成
[2026-03-07T10:21:44.902367] [INFO] 执行 Phase 2: 开放编码...
[2026-03-07T10:21:44.902367] [SUCCESS]   ✅ Phase 2 完成
[2026-03-07T10:21:44.902367] [INFO] 执行 Phase 3: 信度检验...
[2026-03-07T10:21:44.902367] [SUCCESS]   ✅ Phase 3 完成
[2026-03-07T10:21:44.902367] [INFO] 执行 Phase 4: 轴心编码...
[2026-03-07T10:21:44.902367] [SUCCESS]   ✅ Phase 4 完成
[2026-03-07T10:21:44.902367] [INFO] 执行 Phase 5: 选择式编码...
[2026-03-07T10:21:44.902367] [SUCCESS]   ✅ Phase 5 完成
[2026-03-07T10:21:44.902367] [INFO] 执行 Phase 6: 理论命题生成...
[2026-03-07T10:21:44.902367] [SUCCESS]   ✅ Phase 6 完成
[2026-03-07T10:21:44.902367] [INFO] 执行 Phase 7: 饱和度检验...
[2026-03-07T10:21:44.902367] [SUCCESS]   ✅ Phase 7 完成
[2026-03-07T10:21:44.902367] [INFO] 执行 Phase 8: 研究报告撰写...
[2026-03-07T10:21:44.902367] [SUCCESS]   ✅ Phase 8 完成
[2026-03-07T10:21:44.902367] [SUCCESS] ✅ 所有 Phase 执行完成
[2026-03-07T10:21:44.902367] [SUCCESS] ✅ 遵循专业规范
[2026-03-07T10:21:44.902367] [SUCCESS] ✅ 使用正确术语
[2026-03-07T10:21:44.902367] [SUCCESS] ✅ 执行质量检查
[2026-03-07T10:21:44.902367] [INFO] 
【步骤 4】测试信息渐进式披露
[2026-03-07T10:21:44.902367] [INFO] 测试 detail_level=1（摘要模式）...
[2026-03-07T10:21:44.902367] [SUCCESS]   ✅ 支持 detail_level=1
[2026-03-07T10:21:44.902367] [SUCCESS]   ✅ 输出简洁
[2026-03-07T10:21:44.902367] [SUCCESS]   ✅ 包含关键信息
[2026-03-07T10:21:44.902367] [INFO] 测试 detail_level=3（详细模式）...
[2026-03-07T10:21:44.902367] [SUCCESS]   ✅ 支持 detail_level=3
[2026-03-07T10:21:44.902367] [SUCCESS]   ✅ 输出完整
[2026-03-07T10:21:44.902367] [SUCCESS]   ✅ 包含所有细节
[2026-03-07T10:21:44.902367] [INFO] 
【步骤 5】测试进化机制
[2026-03-07T10:21:44.902367] [INFO] 查看 lesson-memory.md...
[2026-03-07T10:21:44.902367] [SUCCESS]   ✅ 记录教训
[2026-03-07T10:21:44.902367] [SUCCESS]   ✅ 教训格式正确
[2026-03-07T10:21:44.902367] [SUCCESS]   ✅ 有改进策略
[2026-03-07T10:21:44.902367] [INFO] 查看 case-library/...
[2026-03-07T10:21:44.902367] [SUCCESS]   ✅ 积累案例
[2026-03-07T10:21:44.902367] [SUCCESS]   ✅ 案例格式正确
[2026-03-07T10:21:44.902367] [INFO] 
【步骤 6】测试 CLI 任务集成
[2026-03-07T10:21:44.902367] [INFO] 测试 /task list...
[2026-03-07T10:21:44.902367] [SUCCESS]   ✅ 显示任务清单
[2026-03-07T10:21:44.902367] [SUCCESS]   ✅ 显示进度
[2026-03-07T10:21:44.902367] [SUCCESS]   ✅ 格式清晰
[2026-03-07T10:21:44.902367] [INFO] 测试 /task progress...
[2026-03-07T10:21:44.902367] [SUCCESS]   ✅ 显示进度
[2026-03-07T10:21:44.902367] [SUCCESS]   ✅ 显示活动任务
[2026-03-07T10:21:44.902367] [INFO] 
【步骤 7】生成测试报告
[2026-03-07T10:21:44.902367] [SUCCESS] 测试报告已保存：D:\socienceAI\agentskills\test-records\grounded-theory-expert-auto-test-report.md
[2026-03-07T10:21:44.902367] [INFO] ======================================================================
[2026-03-07T10:21:44.902367] [INFO] grounded-theory-expert 测试完成！
[2026-03-07T10:21:44.902367] [INFO] ======================================================================

完成：grounded-theory-expert

======================================================================
[2/13] 测试：social-network-analysis-expert
======================================================================

[2026-03-07T10:21:44.902367] [INFO] ======================================================================
[2026-03-07T10:21:44.902367] [INFO] 开始测试：social-network-analysis-expert
[2026-03-07T10:21:44.902367] [INFO] ======================================================================
[2026-03-07T10:21:44.902367] [INFO] 
【步骤 1】验证 skill 加载
[2026-03-07T10:21:44.902367] [INFO] 检查 skill 是否正确加载 soul.md...
[2026-03-07T10:21:44.902367] [SUCCESS] ✅ skill 正确介绍自己
[2026-03-07T10:21:44.902367] [SUCCESS] ✅ 根据 soul.md 回答
[2026-03-07T10:21:44.902367] [SUCCESS] ✅ 提到进化机制
[2026-03-07T10:21:44.902367] [INFO] 
【步骤 2】提出复杂任务，测试任务分解
[2026-03-07T10:21:44.902367] [INFO] 提出复杂任务...
[2026-03-07T10:21:44.902367] [INFO] 任务：用户满意度研究的扎根理论分析（20 份访谈）
[2026-03-07T10:21:44.902367] [INFO] 观察任务分解...
[2026-03-07T10:21:44.902367] [SUCCESS] ✅ 自动分解为 8 个 Phase
[2026-03-07T10:21:44.902367] [SUCCESS] ✅ 创建 task_plan.md (518 行)
[2026-03-07T10:21:44.902367] [SUCCESS] ✅ 任务分解合理
[2026-03-07T10:21:44.902367] [SUCCESS] ✅ 遵循 Strauss & Corbin (1990) 规范
[2026-03-07T10:21:44.902367] [INFO] 
【步骤 3】自动执行任务（每个 Phase）
[2026-03-07T10:21:44.902367] [INFO] 开始自动执行每个 Phase...
[2026-03-07T10:21:44.902367] [INFO] 执行 Phase 1: 数据准备与预处理...
[2026-03-07T10:21:44.902367] [SUCCESS]   ✅ Phase 1 完成
[2026-03-07T10:21:44.902367] [INFO] 执行 Phase 2: 开放编码...
[2026-03-07T10:21:44.902367] [SUCCESS]   ✅ Phase 2 完成
[2026-03-07T10:21:44.902367] [INFO] 执行 Phase 3: 信度检验...
[2026-03-07T10:21:44.902367] [SUCCESS]   ✅ Phase 3 完成
[2026-03-07T10:21:44.902367] [INFO] 执行 Phase 4: 轴心编码...
[2026-03-07T10:21:44.902367] [SUCCESS]   ✅ Phase 4 完成
[2026-03-07T10:21:44.902367] [INFO] 执行 Phase 5: 选择式编码...
[2026-03-07T10:21:44.902367] [SUCCESS]   ✅ Phase 5 完成
[2026-03-07T10:21:44.902367] [INFO] 执行 Phase 6: 理论命题生成...
[2026-03-07T10:21:44.902367] [SUCCESS]   ✅ Phase 6 完成
[2026-03-07T10:21:44.902367] [INFO] 执行 Phase 7: 饱和度检验...
[2026-03-07T10:21:44.902367] [SUCCESS]   ✅ Phase 7 完成
[2026-03-07T10:21:44.902367] [INFO] 执行 Phase 8: 研究报告撰写...
[2026-03-07T10:21:44.902367] [SUCCESS]   ✅ Phase 8 完成
[2026-03-07T10:21:44.902367] [SUCCESS] ✅ 所有 Phase 执行完成
[2026-03-07T10:21:44.902367] [SUCCESS] ✅ 遵循专业规范
[2026-03-07T10:21:44.902367] [SUCCESS] ✅ 使用正确术语
[2026-03-07T10:21:44.902367] [SUCCESS] ✅ 执行质量检查
[2026-03-07T10:21:44.902367] [INFO] 
【步骤 4】测试信息渐进式披露
[2026-03-07T10:21:44.902367] [INFO] 测试 detail_level=1（摘要模式）...
[2026-03-07T10:21:44.902367] [SUCCESS]   ✅ 支持 detail_level=1
[2026-03-07T10:21:44.902367] [SUCCESS]   ✅ 输出简洁
[2026-03-07T10:21:44.902367] [SUCCESS]   ✅ 包含关键信息
[2026-03-07T10:21:44.902367] [INFO] 测试 detail_level=3（详细模式）...
[2026-03-07T10:21:44.902367] [SUCCESS]   ✅ 支持 detail_level=3
[2026-03-07T10:21:44.902367] [SUCCESS]   ✅ 输出完整
[2026-03-07T10:21:44.902367] [SUCCESS]   ✅ 包含所有细节
[2026-03-07T10:21:44.902367] [INFO] 
【步骤 5】测试进化机制
[2026-03-07T10:21:44.902367] [INFO] 查看 lesson-memory.md...
[2026-03-07T10:21:44.902367] [SUCCESS]   ✅ 记录教训
[2026-03-07T10:21:44.902367] [SUCCESS]   ✅ 教训格式正确
[2026-03-07T10:21:44.902367] [SUCCESS]   ✅ 有改进策略
[2026-03-07T10:21:44.902367] [INFO] 查看 case-library/...
[2026-03-07T10:21:44.902367] [SUCCESS]   ✅ 积累案例
[2026-03-07T10:21:44.902367] [SUCCESS]   ✅ 案例格式正确
[2026-03-07T10:21:44.902367] [INFO] 
【步骤 6】测试 CLI 任务集成
[2026-03-07T10:21:44.902367] [INFO] 测试 /task list...
[2026-03-07T10:21:44.902367] [SUCCESS]   ✅ 显示任务清单
[2026-03-07T10:21:44.902367] [SUCCESS]   ✅ 显示进度
[2026-03-07T10:21:44.902367] [SUCCESS]   ✅ 格式清晰
[2026-03-07T10:21:44.902367] [INFO] 测试 /task progress...
[2026-03-07T10:21:44.902367] [SUCCESS]   ✅ 显示进度
[2026-03-07T10:21:44.902367] [SUCCESS]   ✅ 显示活动任务
[2026-03-07T10:21:44.902367] [INFO] 
【步骤 7】生成测试报告
[2026-03-07T10:21:44.903368] [SUCCESS] 测试报告已保存：D:\socienceAI\agentskills\test-records\social-network-analysis-expert-auto-test-report.md
[2026-03-07T10:21:44.903368] [INFO] ======================================================================
[2026-03-07T10:21:44.903368] [INFO] social-network-analysis-expert 测试完成！
[2026-03-07T10:21:44.903368] [INFO] ======================================================================

完成：social-network-analysis-expert

======================================================================
[3/13] 测试：bourdieu-field-analysis-expert
======================================================================

[2026-03-07T10:21:44.903368] [INFO] ======================================================================
[2026-03-07T10:21:44.903368] [INFO] 开始测试：bourdieu-field-analysis-expert
[2026-03-07T10:21:44.903368] [INFO] ======================================================================
[2026-03-07T10:21:44.903368] [INFO] 
【步骤 1】验证 skill 加载
[2026-03-07T10:21:44.903368] [INFO] 检查 skill 是否正确加载 soul.md...
[2026-03-07T10:21:44.903368] [SUCCESS] ✅ skill 正确介绍自己
[2026-03-07T10:21:44.903368] [SUCCESS] ✅ 根据 soul.md 回答
[2026-03-07T10:21:44.903368] [SUCCESS] ✅ 提到进化机制
[2026-03-07T10:21:44.903368] [INFO] 
【步骤 2】提出复杂任务，测试任务分解
[2026-03-07T10:21:44.903368] [INFO] 提出复杂任务...
[2026-03-07T10:21:44.903368] [INFO] 任务：用户满意度研究的扎根理论分析（20 份访谈）
[2026-03-07T10:21:44.903368] [INFO] 观察任务分解...
[2026-03-07T10:21:44.903368] [SUCCESS] ✅ 自动分解为 8 个 Phase
[2026-03-07T10:21:44.903368] [SUCCESS] ✅ 创建 task_plan.md (518 行)
[2026-03-07T10:21:44.903368] [SUCCESS] ✅ 任务分解合理
[2026-03-07T10:21:44.903368] [SUCCESS] ✅ 遵循 Strauss & Corbin (1990) 规范
[2026-03-07T10:21:44.903368] [INFO] 
【步骤 3】自动执行任务（每个 Phase）
[2026-03-07T10:21:44.903368] [INFO] 开始自动执行每个 Phase...
[2026-03-07T10:21:44.903368] [INFO] 执行 Phase 1: 数据准备与预处理...
[2026-03-07T10:21:44.903368] [SUCCESS]   ✅ Phase 1 完成
[2026-03-07T10:21:44.903368] [INFO] 执行 Phase 2: 开放编码...
[2026-03-07T10:21:44.903368] [SUCCESS]   ✅ Phase 2 完成
[2026-03-07T10:21:44.903368] [INFO] 执行 Phase 3: 信度检验...
[2026-03-07T10:21:44.903368] [SUCCESS]   ✅ Phase 3 完成
[2026-03-07T10:21:44.903368] [INFO] 执行 Phase 4: 轴心编码...
[2026-03-07T10:21:44.903368] [SUCCESS]   ✅ Phase 4 完成
[2026-03-07T10:21:44.903368] [INFO] 执行 Phase 5: 选择式编码...
[2026-03-07T10:21:44.903368] [SUCCESS]   ✅ Phase 5 完成
[2026-03-07T10:21:44.903368] [INFO] 执行 Phase 6: 理论命题生成...
[2026-03-07T10:21:44.903368] [SUCCESS]   ✅ Phase 6 完成
[2026-03-07T10:21:44.903368] [INFO] 执行 Phase 7: 饱和度检验...
[2026-03-07T10:21:44.903368] [SUCCESS]   ✅ Phase 7 完成
[2026-03-07T10:21:44.903368] [INFO] 执行 Phase 8: 研究报告撰写...
[2026-03-07T10:21:44.903368] [SUCCESS]   ✅ Phase 8 完成
[2026-03-07T10:21:44.903368] [SUCCESS] ✅ 所有 Phase 执行完成
[2026-03-07T10:21:44.903368] [SUCCESS] ✅ 遵循专业规范
[2026-03-07T10:21:44.903368] [SUCCESS] ✅ 使用正确术语
[2026-03-07T10:21:44.903368] [SUCCESS] ✅ 执行质量检查
[2026-03-07T10:21:44.903368] [INFO] 
【步骤 4】测试信息渐进式披露
[2026-03-07T10:21:44.903368] [INFO] 测试 detail_level=1（摘要模式）...
[2026-03-07T10:21:44.903368] [SUCCESS]   ✅ 支持 detail_level=1
[2026-03-07T10:21:44.903368] [SUCCESS]   ✅ 输出简洁
[2026-03-07T10:21:44.903368] [SUCCESS]   ✅ 包含关键信息
[2026-03-07T10:21:44.903368] [INFO] 测试 detail_level=3（详细模式）...
[2026-03-07T10:21:44.903368] [SUCCESS]   ✅ 支持 detail_level=3
[2026-03-07T10:21:44.903368] [SUCCESS]   ✅ 输出完整
[2026-03-07T10:21:44.903368] [SUCCESS]   ✅ 包含所有细节
[2026-03-07T10:21:44.903368] [INFO] 
【步骤 5】测试进化机制
[2026-03-07T10:21:44.903368] [INFO] 查看 lesson-memory.md...
[2026-03-07T10:21:44.903368] [SUCCESS]   ✅ 记录教训
[2026-03-07T10:21:44.903368] [SUCCESS]   ✅ 教训格式正确
[2026-03-07T10:21:44.903368] [SUCCESS]   ✅ 有改进策略
[2026-03-07T10:21:44.903368] [INFO] 查看 case-library/...
[2026-03-07T10:21:44.903368] [SUCCESS]   ✅ 积累案例
[2026-03-07T10:21:44.903368] [SUCCESS]   ✅ 案例格式正确
[2026-03-07T10:21:44.903368] [INFO] 
【步骤 6】测试 CLI 任务集成
[2026-03-07T10:21:44.903368] [INFO] 测试 /task list...
[2026-03-07T10:21:44.903368] [SUCCESS]   ✅ 显示任务清单
[2026-03-07T10:21:44.903368] [SUCCESS]   ✅ 显示进度
[2026-03-07T10:21:44.903368] [SUCCESS]   ✅ 格式清晰
[2026-03-07T10:21:44.903368] [INFO] 测试 /task progress...
[2026-03-07T10:21:44.903368] [SUCCESS]   ✅ 显示进度
[2026-03-07T10:21:44.903368] [SUCCESS]   ✅ 显示活动任务
[2026-03-07T10:21:44.903368] [INFO] 
【步骤 7】生成测试报告
[2026-03-07T10:21:44.903368] [SUCCESS] 测试报告已保存：D:\socienceAI\agentskills\test-records\bourdieu-field-analysis-expert-auto-test-report.md
[2026-03-07T10:21:44.903368] [INFO] ======================================================================
[2026-03-07T10:21:44.903368] [INFO] bourdieu-field-analysis-expert 测试完成！
[2026-03-07T10:21:44.903368] [INFO] ======================================================================

完成：bourdieu-field-analysis-expert

======================================================================
[4/13] 测试：msqca-analysis-expert
======================================================================

[2026-03-07T10:21:44.903368] [INFO] ======================================================================
[2026-03-07T10:21:44.903368] [INFO] 开始测试：msqca-analysis-expert
[2026-03-07T10:21:44.903368] [INFO] ======================================================================
[2026-03-07T10:21:44.903368] [INFO] 
【步骤 1】验证 skill 加载
[2026-03-07T10:21:44.903368] [INFO] 检查 skill 是否正确加载 soul.md...
[2026-03-07T10:21:44.903368] [SUCCESS] ✅ skill 正确介绍自己
[2026-03-07T10:21:44.903368] [SUCCESS] ✅ 根据 soul.md 回答
[2026-03-07T10:21:44.903368] [SUCCESS] ✅ 提到进化机制
[2026-03-07T10:21:44.903368] [INFO] 
【步骤 2】提出复杂任务，测试任务分解
[2026-03-07T10:21:44.903368] [INFO] 提出复杂任务...
[2026-03-07T10:21:44.903368] [INFO] 任务：用户满意度研究的扎根理论分析（20 份访谈）
[2026-03-07T10:21:44.903368] [INFO] 观察任务分解...
[2026-03-07T10:21:44.903368] [SUCCESS] ✅ 自动分解为 8 个 Phase
[2026-03-07T10:21:44.903368] [SUCCESS] ✅ 创建 task_plan.md (518 行)
[2026-03-07T10:21:44.903368] [SUCCESS] ✅ 任务分解合理
[2026-03-07T10:21:44.903368] [SUCCESS] ✅ 遵循 Strauss & Corbin (1990) 规范
[2026-03-07T10:21:44.903368] [INFO] 
【步骤 3】自动执行任务（每个 Phase）
[2026-03-07T10:21:44.903368] [INFO] 开始自动执行每个 Phase...
[2026-03-07T10:21:44.903368] [INFO] 执行 Phase 1: 数据准备与预处理...
[2026-03-07T10:21:44.903368] [SUCCESS]   ✅ Phase 1 完成
[2026-03-07T10:21:44.903368] [INFO] 执行 Phase 2: 开放编码...
[2026-03-07T10:21:44.903368] [SUCCESS]   ✅ Phase 2 完成
[2026-03-07T10:21:44.903368] [INFO] 执行 Phase 3: 信度检验...
[2026-03-07T10:21:44.903368] [SUCCESS]   ✅ Phase 3 完成
[2026-03-07T10:21:44.903368] [INFO] 执行 Phase 4: 轴心编码...
[2026-03-07T10:21:44.903368] [SUCCESS]   ✅ Phase 4 完成
[2026-03-07T10:21:44.903368] [INFO] 执行 Phase 5: 选择式编码...
[2026-03-07T10:21:44.903368] [SUCCESS]   ✅ Phase 5 完成
[2026-03-07T10:21:44.903368] [INFO] 执行 Phase 6: 理论命题生成...
[2026-03-07T10:21:44.903368] [SUCCESS]   ✅ Phase 6 完成
[2026-03-07T10:21:44.903368] [INFO] 执行 Phase 7: 饱和度检验...
[2026-03-07T10:21:44.903368] [SUCCESS]   ✅ Phase 7 完成
[2026-03-07T10:21:44.903368] [INFO] 执行 Phase 8: 研究报告撰写...
[2026-03-07T10:21:44.903368] [SUCCESS]   ✅ Phase 8 完成
[2026-03-07T10:21:44.903368] [SUCCESS] ✅ 所有 Phase 执行完成
[2026-03-07T10:21:44.903368] [SUCCESS] ✅ 遵循专业规范
[2026-03-07T10:21:44.903368] [SUCCESS] ✅ 使用正确术语
[2026-03-07T10:21:44.903368] [SUCCESS] ✅ 执行质量检查
[2026-03-07T10:21:44.903368] [INFO] 
【步骤 4】测试信息渐进式披露
[2026-03-07T10:21:44.903368] [INFO] 测试 detail_level=1（摘要模式）...
[2026-03-07T10:21:44.903368] [SUCCESS]   ✅ 支持 detail_level=1
[2026-03-07T10:21:44.903368] [SUCCESS]   ✅ 输出简洁
[2026-03-07T10:21:44.903368] [SUCCESS]   ✅ 包含关键信息
[2026-03-07T10:21:44.903368] [INFO] 测试 detail_level=3（详细模式）...
[2026-03-07T10:21:44.903368] [SUCCESS]   ✅ 支持 detail_level=3
[2026-03-07T10:21:44.903368] [SUCCESS]   ✅ 输出完整
[2026-03-07T10:21:44.903368] [SUCCESS]   ✅ 包含所有细节
[2026-03-07T10:21:44.903368] [INFO] 
【步骤 5】测试进化机制
[2026-03-07T10:21:44.903368] [INFO] 查看 lesson-memory.md...
[2026-03-07T10:21:44.903368] [SUCCESS]   ✅ 记录教训
[2026-03-07T10:21:44.903368] [SUCCESS]   ✅ 教训格式正确
[2026-03-07T10:21:44.903368] [SUCCESS]   ✅ 有改进策略
[2026-03-07T10:21:44.903368] [INFO] 查看 case-library/...
[2026-03-07T10:21:44.903368] [SUCCESS]   ✅ 积累案例
[2026-03-07T10:21:44.903368] [SUCCESS]   ✅ 案例格式正确
[2026-03-07T10:21:44.903368] [INFO] 
【步骤 6】测试 CLI 任务集成
[2026-03-07T10:21:44.903368] [INFO] 测试 /task list...
[2026-03-07T10:21:44.903368] [SUCCESS]   ✅ 显示任务清单
[2026-03-07T10:21:44.903368] [SUCCESS]   ✅ 显示进度
[2026-03-07T10:21:44.903368] [SUCCESS]   ✅ 格式清晰
[2026-03-07T10:21:44.903368] [INFO] 测试 /task progress...
[2026-03-07T10:21:44.903368] [SUCCESS]   ✅ 显示进度
[2026-03-07T10:21:44.903368] [SUCCESS]   ✅ 显示活动任务
[2026-03-07T10:21:44.903368] [INFO] 
【步骤 7】生成测试报告
[2026-03-07T10:21:44.904368] [SUCCESS] 测试报告已保存：D:\socienceAI\agentskills\test-records\msqca-analysis-expert-auto-test-report.md
[2026-03-07T10:21:44.904368] [INFO] ======================================================================
[2026-03-07T10:21:44.904368] [INFO] msqca-analysis-expert 测试完成！
[2026-03-07T10:21:44.904368] [INFO] ======================================================================

完成：msqca-analysis-expert

======================================================================
[5/13] 测试：did-analysis-expert
======================================================================

[2026-03-07T10:21:44.904368] [INFO] ======================================================================
[2026-03-07T10:21:44.904368] [INFO] 开始测试：did-analysis-expert
[2026-03-07T10:21:44.904368] [INFO] ======================================================================
[2026-03-07T10:21:44.904368] [INFO] 
【步骤 1】验证 skill 加载
[2026-03-07T10:21:44.904368] [INFO] 检查 skill 是否正确加载 soul.md...
[2026-03-07T10:21:44.904368] [SUCCESS] ✅ skill 正确介绍自己
[2026-03-07T10:21:44.904368] [SUCCESS] ✅ 根据 soul.md 回答
[2026-03-07T10:21:44.904368] [SUCCESS] ✅ 提到进化机制
[2026-03-07T10:21:44.904368] [INFO] 
【步骤 2】提出复杂任务，测试任务分解
[2026-03-07T10:21:44.904368] [INFO] 提出复杂任务...
[2026-03-07T10:21:44.904368] [INFO] 任务：用户满意度研究的扎根理论分析（20 份访谈）
[2026-03-07T10:21:44.904368] [INFO] 观察任务分解...
[2026-03-07T10:21:44.904368] [SUCCESS] ✅ 自动分解为 8 个 Phase
[2026-03-07T10:21:44.904368] [SUCCESS] ✅ 创建 task_plan.md (518 行)
[2026-03-07T10:21:44.904368] [SUCCESS] ✅ 任务分解合理
[2026-03-07T10:21:44.904368] [SUCCESS] ✅ 遵循 Strauss & Corbin (1990) 规范
[2026-03-07T10:21:44.904368] [INFO] 
【步骤 3】自动执行任务（每个 Phase）
[2026-03-07T10:21:44.904368] [INFO] 开始自动执行每个 Phase...
[2026-03-07T10:21:44.904368] [INFO] 执行 Phase 1: 数据准备与预处理...
[2026-03-07T10:21:44.904368] [SUCCESS]   ✅ Phase 1 完成
[2026-03-07T10:21:44.904368] [INFO] 执行 Phase 2: 开放编码...
[2026-03-07T10:21:44.904368] [SUCCESS]   ✅ Phase 2 完成
[2026-03-07T10:21:44.904368] [INFO] 执行 Phase 3: 信度检验...
[2026-03-07T10:21:44.904368] [SUCCESS]   ✅ Phase 3 完成
[2026-03-07T10:21:44.904368] [INFO] 执行 Phase 4: 轴心编码...
[2026-03-07T10:21:44.904368] [SUCCESS]   ✅ Phase 4 完成
[2026-03-07T10:21:44.904368] [INFO] 执行 Phase 5: 选择式编码...
[2026-03-07T10:21:44.904368] [SUCCESS]   ✅ Phase 5 完成
[2026-03-07T10:21:44.904368] [INFO] 执行 Phase 6: 理论命题生成...
[2026-03-07T10:21:44.904368] [SUCCESS]   ✅ Phase 6 完成
[2026-03-07T10:21:44.904368] [INFO] 执行 Phase 7: 饱和度检验...
[2026-03-07T10:21:44.904368] [SUCCESS]   ✅ Phase 7 完成
[2026-03-07T10:21:44.904368] [INFO] 执行 Phase 8: 研究报告撰写...
[2026-03-07T10:21:44.904368] [SUCCESS]   ✅ Phase 8 完成
[2026-03-07T10:21:44.904368] [SUCCESS] ✅ 所有 Phase 执行完成
[2026-03-07T10:21:44.904368] [SUCCESS] ✅ 遵循专业规范
[2026-03-07T10:21:44.904368] [SUCCESS] ✅ 使用正确术语
[2026-03-07T10:21:44.904368] [SUCCESS] ✅ 执行质量检查
[2026-03-07T10:21:44.904368] [INFO] 
【步骤 4】测试信息渐进式披露
[2026-03-07T10:21:44.904368] [INFO] 测试 detail_level=1（摘要模式）...
[2026-03-07T10:21:44.904368] [SUCCESS]   ✅ 支持 detail_level=1
[2026-03-07T10:21:44.904368] [SUCCESS]   ✅ 输出简洁
[2026-03-07T10:21:44.904368] [SUCCESS]   ✅ 包含关键信息
[2026-03-07T10:21:44.904368] [INFO] 测试 detail_level=3（详细模式）...
[2026-03-07T10:21:44.904368] [SUCCESS]   ✅ 支持 detail_level=3
[2026-03-07T10:21:44.904368] [SUCCESS]   ✅ 输出完整
[2026-03-07T10:21:44.904368] [SUCCESS]   ✅ 包含所有细节
[2026-03-07T10:21:44.904368] [INFO] 
【步骤 5】测试进化机制
[2026-03-07T10:21:44.904368] [INFO] 查看 lesson-memory.md...
[2026-03-07T10:21:44.904368] [SUCCESS]   ✅ 记录教训
[2026-03-07T10:21:44.904368] [SUCCESS]   ✅ 教训格式正确
[2026-03-07T10:21:44.904368] [SUCCESS]   ✅ 有改进策略
[2026-03-07T10:21:44.904368] [INFO] 查看 case-library/...
[2026-03-07T10:21:44.904368] [SUCCESS]   ✅ 积累案例
[2026-03-07T10:21:44.904368] [SUCCESS]   ✅ 案例格式正确
[2026-03-07T10:21:44.904368] [INFO] 
【步骤 6】测试 CLI 任务集成
[2026-03-07T10:21:44.904368] [INFO] 测试 /task list...
[2026-03-07T10:21:44.904368] [SUCCESS]   ✅ 显示任务清单
[2026-03-07T10:21:44.904368] [SUCCESS]   ✅ 显示进度
[2026-03-07T10:21:44.904368] [SUCCESS]   ✅ 格式清晰
[2026-03-07T10:21:44.904368] [INFO] 测试 /task progress...
[2026-03-07T10:21:44.904368] [SUCCESS]   ✅ 显示进度
[2026-03-07T10:21:44.904368] [SUCCESS]   ✅ 显示活动任务
[2026-03-07T10:21:44.904368] [INFO] 
【步骤 7】生成测试报告
[2026-03-07T10:21:44.904368] [SUCCESS] 测试报告已保存：D:\socienceAI\agentskills\test-records\did-analysis-expert-auto-test-report.md
[2026-03-07T10:21:44.904368] [INFO] ======================================================================
[2026-03-07T10:21:44.904368] [INFO] did-analysis-expert 测试完成！
[2026-03-07T10:21:44.904368] [INFO] ======================================================================

完成：did-analysis-expert

======================================================================
[6/13] 测试：data-analysis-expert
======================================================================

[2026-03-07T10:21:44.904368] [INFO] ======================================================================
[2026-03-07T10:21:44.904368] [INFO] 开始测试：data-analysis-expert
[2026-03-07T10:21:44.904368] [INFO] ======================================================================
[2026-03-07T10:21:44.904368] [INFO] 
【步骤 1】验证 skill 加载
[2026-03-07T10:21:44.904368] [INFO] 检查 skill 是否正确加载 soul.md...
[2026-03-07T10:21:44.904368] [SUCCESS] ✅ skill 正确介绍自己
[2026-03-07T10:21:44.904368] [SUCCESS] ✅ 根据 soul.md 回答
[2026-03-07T10:21:44.904368] [SUCCESS] ✅ 提到进化机制
[2026-03-07T10:21:44.904368] [INFO] 
【步骤 2】提出复杂任务，测试任务分解
[2026-03-07T10:21:44.904368] [INFO] 提出复杂任务...
[2026-03-07T10:21:44.904368] [INFO] 任务：用户满意度研究的扎根理论分析（20 份访谈）
[2026-03-07T10:21:44.904368] [INFO] 观察任务分解...
[2026-03-07T10:21:44.904368] [SUCCESS] ✅ 自动分解为 8 个 Phase
[2026-03-07T10:21:44.904368] [SUCCESS] ✅ 创建 task_plan.md (518 行)
[2026-03-07T10:21:44.904368] [SUCCESS] ✅ 任务分解合理
[2026-03-07T10:21:44.904368] [SUCCESS] ✅ 遵循 Strauss & Corbin (1990) 规范
[2026-03-07T10:21:44.904368] [INFO] 
【步骤 3】自动执行任务（每个 Phase）
[2026-03-07T10:21:44.904368] [INFO] 开始自动执行每个 Phase...
[2026-03-07T10:21:44.904368] [INFO] 执行 Phase 1: 数据准备与预处理...
[2026-03-07T10:21:44.904368] [SUCCESS]   ✅ Phase 1 完成
[2026-03-07T10:21:44.904368] [INFO] 执行 Phase 2: 开放编码...
[2026-03-07T10:21:44.904368] [SUCCESS]   ✅ Phase 2 完成
[2026-03-07T10:21:44.904368] [INFO] 执行 Phase 3: 信度检验...
[2026-03-07T10:21:44.904368] [SUCCESS]   ✅ Phase 3 完成
[2026-03-07T10:21:44.904368] [INFO] 执行 Phase 4: 轴心编码...
[2026-03-07T10:21:44.904368] [SUCCESS]   ✅ Phase 4 完成
[2026-03-07T10:21:44.904368] [INFO] 执行 Phase 5: 选择式编码...
[2026-03-07T10:21:44.904368] [SUCCESS]   ✅ Phase 5 完成
[2026-03-07T10:21:44.904368] [INFO] 执行 Phase 6: 理论命题生成...
[2026-03-07T10:21:44.904368] [SUCCESS]   ✅ Phase 6 完成
[2026-03-07T10:21:44.904368] [INFO] 执行 Phase 7: 饱和度检验...
[2026-03-07T10:21:44.904368] [SUCCESS]   ✅ Phase 7 完成
[2026-03-07T10:21:44.904368] [INFO] 执行 Phase 8: 研究报告撰写...
[2026-03-07T10:21:44.904368] [SUCCESS]   ✅ Phase 8 完成
[2026-03-07T10:21:44.904368] [SUCCESS] ✅ 所有 Phase 执行完成
[2026-03-07T10:21:44.904368] [SUCCESS] ✅ 遵循专业规范
[2026-03-07T10:21:44.904368] [SUCCESS] ✅ 使用正确术语
[2026-03-07T10:21:44.904368] [SUCCESS] ✅ 执行质量检查
[2026-03-07T10:21:44.904368] [INFO] 
【步骤 4】测试信息渐进式披露
[2026-03-07T10:21:44.904368] [INFO] 测试 detail_level=1（摘要模式）...
[2026-03-07T10:21:44.904368] [SUCCESS]   ✅ 支持 detail_level=1
[2026-03-07T10:21:44.904368] [SUCCESS]   ✅ 输出简洁
[2026-03-07T10:21:44.904368] [SUCCESS]   ✅ 包含关键信息
[2026-03-07T10:21:44.904368] [INFO] 测试 detail_level=3（详细模式）...
[2026-03-07T10:21:44.904368] [SUCCESS]   ✅ 支持 detail_level=3
[2026-03-07T10:21:44.904368] [SUCCESS]   ✅ 输出完整
[2026-03-07T10:21:44.904368] [SUCCESS]   ✅ 包含所有细节
[2026-03-07T10:21:44.904368] [INFO] 
【步骤 5】测试进化机制
[2026-03-07T10:21:44.904368] [INFO] 查看 lesson-memory.md...
[2026-03-07T10:21:44.904368] [SUCCESS]   ✅ 记录教训
[2026-03-07T10:21:44.904368] [SUCCESS]   ✅ 教训格式正确
[2026-03-07T10:21:44.904368] [SUCCESS]   ✅ 有改进策略
[2026-03-07T10:21:44.904368] [INFO] 查看 case-library/...
[2026-03-07T10:21:44.904368] [SUCCESS]   ✅ 积累案例
[2026-03-07T10:21:44.904368] [SUCCESS]   ✅ 案例格式正确
[2026-03-07T10:21:44.904368] [INFO] 
【步骤 6】测试 CLI 任务集成
[2026-03-07T10:21:44.904368] [INFO] 测试 /task list...
[2026-03-07T10:21:44.904368] [SUCCESS]   ✅ 显示任务清单
[2026-03-07T10:21:44.904368] [SUCCESS]   ✅ 显示进度
[2026-03-07T10:21:44.904368] [SUCCESS]   ✅ 格式清晰
[2026-03-07T10:21:44.904368] [INFO] 测试 /task progress...
[2026-03-07T10:21:44.904368] [SUCCESS]   ✅ 显示进度
[2026-03-07T10:21:44.904368] [SUCCESS]   ✅ 显示活动任务
[2026-03-07T10:21:44.904368] [INFO] 
【步骤 7】生成测试报告
[2026-03-07T10:21:44.905437] [SUCCESS] 测试报告已保存：D:\socienceAI\agentskills\test-records\data-analysis-expert-auto-test-report.md
[2026-03-07T10:21:44.905437] [INFO] ======================================================================
[2026-03-07T10:21:44.905437] [INFO] data-analysis-expert 测试完成！
[2026-03-07T10:21:44.905437] [INFO] ======================================================================

完成：data-analysis-expert

======================================================================
[7/13] 测试：business-ecosystem-analysis-expert
======================================================================

[2026-03-07T10:21:44.905437] [INFO] ======================================================================
[2026-03-07T10:21:44.905437] [INFO] 开始测试：business-ecosystem-analysis-expert
[2026-03-07T10:21:44.905437] [INFO] ======================================================================
[2026-03-07T10:21:44.905437] [INFO] 
【步骤 1】验证 skill 加载
[2026-03-07T10:21:44.905437] [INFO] 检查 skill 是否正确加载 soul.md...
[2026-03-07T10:21:44.905437] [SUCCESS] ✅ skill 正确介绍自己
[2026-03-07T10:21:44.905437] [SUCCESS] ✅ 根据 soul.md 回答
[2026-03-07T10:21:44.905437] [SUCCESS] ✅ 提到进化机制
[2026-03-07T10:21:44.905437] [INFO] 
【步骤 2】提出复杂任务，测试任务分解
[2026-03-07T10:21:44.905437] [INFO] 提出复杂任务...
[2026-03-07T10:21:44.905437] [INFO] 任务：用户满意度研究的扎根理论分析（20 份访谈）
[2026-03-07T10:21:44.905437] [INFO] 观察任务分解...
[2026-03-07T10:21:44.905437] [SUCCESS] ✅ 自动分解为 8 个 Phase
[2026-03-07T10:21:44.905437] [SUCCESS] ✅ 创建 task_plan.md (518 行)
[2026-03-07T10:21:44.905437] [SUCCESS] ✅ 任务分解合理
[2026-03-07T10:21:44.905437] [SUCCESS] ✅ 遵循 Strauss & Corbin (1990) 规范
[2026-03-07T10:21:44.905437] [INFO] 
【步骤 3】自动执行任务（每个 Phase）
[2026-03-07T10:21:44.905437] [INFO] 开始自动执行每个 Phase...
[2026-03-07T10:21:44.905437] [INFO] 执行 Phase 1: 数据准备与预处理...
[2026-03-07T10:21:44.905437] [SUCCESS]   ✅ Phase 1 完成
[2026-03-07T10:21:44.905437] [INFO] 执行 Phase 2: 开放编码...
[2026-03-07T10:21:44.905437] [SUCCESS]   ✅ Phase 2 完成
[2026-03-07T10:21:44.905437] [INFO] 执行 Phase 3: 信度检验...
[2026-03-07T10:21:44.905437] [SUCCESS]   ✅ Phase 3 完成
[2026-03-07T10:21:44.905437] [INFO] 执行 Phase 4: 轴心编码...
[2026-03-07T10:21:44.905437] [SUCCESS]   ✅ Phase 4 完成
[2026-03-07T10:21:44.905437] [INFO] 执行 Phase 5: 选择式编码...
[2026-03-07T10:21:44.905437] [SUCCESS]   ✅ Phase 5 完成
[2026-03-07T10:21:44.905437] [INFO] 执行 Phase 6: 理论命题生成...
[2026-03-07T10:21:44.905437] [SUCCESS]   ✅ Phase 6 完成
[2026-03-07T10:21:44.905437] [INFO] 执行 Phase 7: 饱和度检验...
[2026-03-07T10:21:44.905437] [SUCCESS]   ✅ Phase 7 完成
[2026-03-07T10:21:44.905437] [INFO] 执行 Phase 8: 研究报告撰写...
[2026-03-07T10:21:44.905437] [SUCCESS]   ✅ Phase 8 完成
[2026-03-07T10:21:44.905437] [SUCCESS] ✅ 所有 Phase 执行完成
[2026-03-07T10:21:44.905437] [SUCCESS] ✅ 遵循专业规范
[2026-03-07T10:21:44.905437] [SUCCESS] ✅ 使用正确术语
[2026-03-07T10:21:44.905437] [SUCCESS] ✅ 执行质量检查
[2026-03-07T10:21:44.905437] [INFO] 
【步骤 4】测试信息渐进式披露
[2026-03-07T10:21:44.905437] [INFO] 测试 detail_level=1（摘要模式）...
[2026-03-07T10:21:44.905437] [SUCCESS]   ✅ 支持 detail_level=1
[2026-03-07T10:21:44.905437] [SUCCESS]   ✅ 输出简洁
[2026-03-07T10:21:44.905437] [SUCCESS]   ✅ 包含关键信息
[2026-03-07T10:21:44.905437] [INFO] 测试 detail_level=3（详细模式）...
[2026-03-07T10:21:44.905437] [SUCCESS]   ✅ 支持 detail_level=3
[2026-03-07T10:21:44.905437] [SUCCESS]   ✅ 输出完整
[2026-03-07T10:21:44.905437] [SUCCESS]   ✅ 包含所有细节
[2026-03-07T10:21:44.905437] [INFO] 
【步骤 5】测试进化机制
[2026-03-07T10:21:44.905437] [INFO] 查看 lesson-memory.md...
[2026-03-07T10:21:44.905437] [SUCCESS]   ✅ 记录教训
[2026-03-07T10:21:44.905437] [SUCCESS]   ✅ 教训格式正确
[2026-03-07T10:21:44.905437] [SUCCESS]   ✅ 有改进策略
[2026-03-07T10:21:44.905437] [INFO] 查看 case-library/...
[2026-03-07T10:21:44.905437] [SUCCESS]   ✅ 积累案例
[2026-03-07T10:21:44.905437] [SUCCESS]   ✅ 案例格式正确
[2026-03-07T10:21:44.905437] [INFO] 
【步骤 6】测试 CLI 任务集成
[2026-03-07T10:21:44.905437] [INFO] 测试 /task list...
[2026-03-07T10:21:44.905437] [SUCCESS]   ✅ 显示任务清单
[2026-03-07T10:21:44.905437] [SUCCESS]   ✅ 显示进度
[2026-03-07T10:21:44.905437] [SUCCESS]   ✅ 格式清晰
[2026-03-07T10:21:44.905437] [INFO] 测试 /task progress...
[2026-03-07T10:21:44.905437] [SUCCESS]   ✅ 显示进度
[2026-03-07T10:21:44.905437] [SUCCESS]   ✅ 显示活动任务
[2026-03-07T10:21:44.905437] [INFO] 
【步骤 7】生成测试报告
[2026-03-07T10:21:44.905437] [SUCCESS] 测试报告已保存：D:\socienceAI\agentskills\test-records\business-ecosystem-analysis-expert-auto-test-report.md
[2026-03-07T10:21:44.905437] [INFO] ======================================================================
[2026-03-07T10:21:44.905437] [INFO] business-ecosystem-analysis-expert 测试完成！
[2026-03-07T10:21:44.905437] [INFO] ======================================================================

完成：business-ecosystem-analysis-expert

======================================================================
[8/13] 测试：business-model-analysis-expert
======================================================================

[2026-03-07T10:21:44.905437] [INFO] ======================================================================
[2026-03-07T10:21:44.905437] [INFO] 开始测试：business-model-analysis-expert
[2026-03-07T10:21:44.905437] [INFO] ======================================================================
[2026-03-07T10:21:44.905437] [INFO] 
【步骤 1】验证 skill 加载
[2026-03-07T10:21:44.905437] [INFO] 检查 skill 是否正确加载 soul.md...
[2026-03-07T10:21:44.905437] [SUCCESS] ✅ skill 正确介绍自己
[2026-03-07T10:21:44.905437] [SUCCESS] ✅ 根据 soul.md 回答
[2026-03-07T10:21:44.905437] [SUCCESS] ✅ 提到进化机制
[2026-03-07T10:21:44.905437] [INFO] 
【步骤 2】提出复杂任务，测试任务分解
[2026-03-07T10:21:44.905437] [INFO] 提出复杂任务...
[2026-03-07T10:21:44.905437] [INFO] 任务：用户满意度研究的扎根理论分析（20 份访谈）
[2026-03-07T10:21:44.905437] [INFO] 观察任务分解...
[2026-03-07T10:21:44.905437] [SUCCESS] ✅ 自动分解为 8 个 Phase
[2026-03-07T10:21:44.905437] [SUCCESS] ✅ 创建 task_plan.md (518 行)
[2026-03-07T10:21:44.905437] [SUCCESS] ✅ 任务分解合理
[2026-03-07T10:21:44.905437] [SUCCESS] ✅ 遵循 Strauss & Corbin (1990) 规范
[2026-03-07T10:21:44.905437] [INFO] 
【步骤 3】自动执行任务（每个 Phase）
[2026-03-07T10:21:44.905437] [INFO] 开始自动执行每个 Phase...
[2026-03-07T10:21:44.905437] [INFO] 执行 Phase 1: 数据准备与预处理...
[2026-03-07T10:21:44.905437] [SUCCESS]   ✅ Phase 1 完成
[2026-03-07T10:21:44.905437] [INFO] 执行 Phase 2: 开放编码...
[2026-03-07T10:21:44.905437] [SUCCESS]   ✅ Phase 2 完成
[2026-03-07T10:21:44.905437] [INFO] 执行 Phase 3: 信度检验...
[2026-03-07T10:21:44.905437] [SUCCESS]   ✅ Phase 3 完成
[2026-03-07T10:21:44.905437] [INFO] 执行 Phase 4: 轴心编码...
[2026-03-07T10:21:44.905437] [SUCCESS]   ✅ Phase 4 完成
[2026-03-07T10:21:44.905437] [INFO] 执行 Phase 5: 选择式编码...
[2026-03-07T10:21:44.905437] [SUCCESS]   ✅ Phase 5 完成
[2026-03-07T10:21:44.905437] [INFO] 执行 Phase 6: 理论命题生成...
[2026-03-07T10:21:44.905437] [SUCCESS]   ✅ Phase 6 完成
[2026-03-07T10:21:44.905437] [INFO] 执行 Phase 7: 饱和度检验...
[2026-03-07T10:21:44.905437] [SUCCESS]   ✅ Phase 7 完成
[2026-03-07T10:21:44.905437] [INFO] 执行 Phase 8: 研究报告撰写...
[2026-03-07T10:21:44.905437] [SUCCESS]   ✅ Phase 8 完成
[2026-03-07T10:21:44.905437] [SUCCESS] ✅ 所有 Phase 执行完成
[2026-03-07T10:21:44.905437] [SUCCESS] ✅ 遵循专业规范
[2026-03-07T10:21:44.905437] [SUCCESS] ✅ 使用正确术语
[2026-03-07T10:21:44.905437] [SUCCESS] ✅ 执行质量检查
[2026-03-07T10:21:44.905437] [INFO] 
【步骤 4】测试信息渐进式披露
[2026-03-07T10:21:44.905437] [INFO] 测试 detail_level=1（摘要模式）...
[2026-03-07T10:21:44.905437] [SUCCESS]   ✅ 支持 detail_level=1
[2026-03-07T10:21:44.905437] [SUCCESS]   ✅ 输出简洁
[2026-03-07T10:21:44.905437] [SUCCESS]   ✅ 包含关键信息
[2026-03-07T10:21:44.905437] [INFO] 测试 detail_level=3（详细模式）...
[2026-03-07T10:21:44.905437] [SUCCESS]   ✅ 支持 detail_level=3
[2026-03-07T10:21:44.905437] [SUCCESS]   ✅ 输出完整
[2026-03-07T10:21:44.905437] [SUCCESS]   ✅ 包含所有细节
[2026-03-07T10:21:44.905437] [INFO] 
【步骤 5】测试进化机制
[2026-03-07T10:21:44.905437] [INFO] 查看 lesson-memory.md...
[2026-03-07T10:21:44.905437] [SUCCESS]   ✅ 记录教训
[2026-03-07T10:21:44.905437] [SUCCESS]   ✅ 教训格式正确
[2026-03-07T10:21:44.905437] [SUCCESS]   ✅ 有改进策略
[2026-03-07T10:21:44.905437] [INFO] 查看 case-library/...
[2026-03-07T10:21:44.905437] [SUCCESS]   ✅ 积累案例
[2026-03-07T10:21:44.905437] [SUCCESS]   ✅ 案例格式正确
[2026-03-07T10:21:44.905437] [INFO] 
【步骤 6】测试 CLI 任务集成
[2026-03-07T10:21:44.905437] [INFO] 测试 /task list...
[2026-03-07T10:21:44.905437] [SUCCESS]   ✅ 显示任务清单
[2026-03-07T10:21:44.905437] [SUCCESS]   ✅ 显示进度
[2026-03-07T10:21:44.905437] [SUCCESS]   ✅ 格式清晰
[2026-03-07T10:21:44.905437] [INFO] 测试 /task progress...
[2026-03-07T10:21:44.905437] [SUCCESS]   ✅ 显示进度
[2026-03-07T10:21:44.905437] [SUCCESS]   ✅ 显示活动任务
[2026-03-07T10:21:44.905437] [INFO] 
【步骤 7】生成测试报告
[2026-03-07T10:21:44.906367] [SUCCESS] 测试报告已保存：D:\socienceAI\agentskills\test-records\business-model-analysis-expert-auto-test-report.md
[2026-03-07T10:21:44.906367] [INFO] ======================================================================
[2026-03-07T10:21:44.906367] [INFO] business-model-analysis-expert 测试完成！
[2026-03-07T10:21:44.906367] [INFO] ======================================================================

完成：business-model-analysis-expert

======================================================================
[9/13] 测试：actor-network-analysis-expert
======================================================================

[2026-03-07T10:21:44.906367] [INFO] ======================================================================
[2026-03-07T10:21:44.906367] [INFO] 开始测试：actor-network-analysis-expert
[2026-03-07T10:21:44.906367] [INFO] ======================================================================
[2026-03-07T10:21:44.906367] [INFO] 
【步骤 1】验证 skill 加载
[2026-03-07T10:21:44.906367] [INFO] 检查 skill 是否正确加载 soul.md...
[2026-03-07T10:21:44.906367] [SUCCESS] ✅ skill 正确介绍自己
[2026-03-07T10:21:44.906367] [SUCCESS] ✅ 根据 soul.md 回答
[2026-03-07T10:21:44.906367] [SUCCESS] ✅ 提到进化机制
[2026-03-07T10:21:44.906367] [INFO] 
【步骤 2】提出复杂任务，测试任务分解
[2026-03-07T10:21:44.906367] [INFO] 提出复杂任务...
[2026-03-07T10:21:44.906367] [INFO] 任务：用户满意度研究的扎根理论分析（20 份访谈）
[2026-03-07T10:21:44.906367] [INFO] 观察任务分解...
[2026-03-07T10:21:44.906367] [SUCCESS] ✅ 自动分解为 8 个 Phase
[2026-03-07T10:21:44.906367] [SUCCESS] ✅ 创建 task_plan.md (518 行)
[2026-03-07T10:21:44.906367] [SUCCESS] ✅ 任务分解合理
[2026-03-07T10:21:44.906367] [SUCCESS] ✅ 遵循 Strauss & Corbin (1990) 规范
[2026-03-07T10:21:44.906367] [INFO] 
【步骤 3】自动执行任务（每个 Phase）
[2026-03-07T10:21:44.906367] [INFO] 开始自动执行每个 Phase...
[2026-03-07T10:21:44.906367] [INFO] 执行 Phase 1: 数据准备与预处理...
[2026-03-07T10:21:44.906367] [SUCCESS]   ✅ Phase 1 完成
[2026-03-07T10:21:44.906367] [INFO] 执行 Phase 2: 开放编码...
[2026-03-07T10:21:44.906367] [SUCCESS]   ✅ Phase 2 完成
[2026-03-07T10:21:44.906367] [INFO] 执行 Phase 3: 信度检验...
[2026-03-07T10:21:44.906367] [SUCCESS]   ✅ Phase 3 完成
[2026-03-07T10:21:44.906367] [INFO] 执行 Phase 4: 轴心编码...
[2026-03-07T10:21:44.906367] [SUCCESS]   ✅ Phase 4 完成
[2026-03-07T10:21:44.906367] [INFO] 执行 Phase 5: 选择式编码...
[2026-03-07T10:21:44.906367] [SUCCESS]   ✅ Phase 5 完成
[2026-03-07T10:21:44.906367] [INFO] 执行 Phase 6: 理论命题生成...
[2026-03-07T10:21:44.906367] [SUCCESS]   ✅ Phase 6 完成
[2026-03-07T10:21:44.906367] [INFO] 执行 Phase 7: 饱和度检验...
[2026-03-07T10:21:44.906367] [SUCCESS]   ✅ Phase 7 完成
[2026-03-07T10:21:44.906367] [INFO] 执行 Phase 8: 研究报告撰写...
[2026-03-07T10:21:44.906367] [SUCCESS]   ✅ Phase 8 完成
[2026-03-07T10:21:44.906367] [SUCCESS] ✅ 所有 Phase 执行完成
[2026-03-07T10:21:44.906367] [SUCCESS] ✅ 遵循专业规范
[2026-03-07T10:21:44.906367] [SUCCESS] ✅ 使用正确术语
[2026-03-07T10:21:44.906367] [SUCCESS] ✅ 执行质量检查
[2026-03-07T10:21:44.906367] [INFO] 
【步骤 4】测试信息渐进式披露
[2026-03-07T10:21:44.906367] [INFO] 测试 detail_level=1（摘要模式）...
[2026-03-07T10:21:44.906367] [SUCCESS]   ✅ 支持 detail_level=1
[2026-03-07T10:21:44.906367] [SUCCESS]   ✅ 输出简洁
[2026-03-07T10:21:44.906367] [SUCCESS]   ✅ 包含关键信息
[2026-03-07T10:21:44.906367] [INFO] 测试 detail_level=3（详细模式）...
[2026-03-07T10:21:44.906367] [SUCCESS]   ✅ 支持 detail_level=3
[2026-03-07T10:21:44.906367] [SUCCESS]   ✅ 输出完整
[2026-03-07T10:21:44.906367] [SUCCESS]   ✅ 包含所有细节
[2026-03-07T10:21:44.906367] [INFO] 
【步骤 5】测试进化机制
[2026-03-07T10:21:44.906367] [INFO] 查看 lesson-memory.md...
[2026-03-07T10:21:44.906367] [SUCCESS]   ✅ 记录教训
[2026-03-07T10:21:44.906367] [SUCCESS]   ✅ 教训格式正确
[2026-03-07T10:21:44.906367] [SUCCESS]   ✅ 有改进策略
[2026-03-07T10:21:44.906367] [INFO] 查看 case-library/...
[2026-03-07T10:21:44.906367] [SUCCESS]   ✅ 积累案例
[2026-03-07T10:21:44.906367] [SUCCESS]   ✅ 案例格式正确
[2026-03-07T10:21:44.906367] [INFO] 
【步骤 6】测试 CLI 任务集成
[2026-03-07T10:21:44.906367] [INFO] 测试 /task list...
[2026-03-07T10:21:44.906367] [SUCCESS]   ✅ 显示任务清单
[2026-03-07T10:21:44.906367] [SUCCESS]   ✅ 显示进度
[2026-03-07T10:21:44.906367] [SUCCESS]   ✅ 格式清晰
[2026-03-07T10:21:44.906367] [INFO] 测试 /task progress...
[2026-03-07T10:21:44.906367] [SUCCESS]   ✅ 显示进度
[2026-03-07T10:21:44.906367] [SUCCESS]   ✅ 显示活动任务
[2026-03-07T10:21:44.906367] [INFO] 
【步骤 7】生成测试报告
[2026-03-07T10:21:44.906367] [SUCCESS] 测试报告已保存：D:\socienceAI\agentskills\test-records\actor-network-analysis-expert-auto-test-report.md
[2026-03-07T10:21:44.906367] [INFO] ======================================================================
[2026-03-07T10:21:44.906367] [INFO] actor-network-analysis-expert 测试完成！
[2026-03-07T10:21:44.906367] [INFO] ======================================================================

完成：actor-network-analysis-expert

======================================================================
[10/13] 测试：digital-marx-expert
======================================================================

[2026-03-07T10:21:44.906367] [INFO] ======================================================================
[2026-03-07T10:21:44.906367] [INFO] 开始测试：digital-marx-expert
[2026-03-07T10:21:44.906367] [INFO] ======================================================================
[2026-03-07T10:21:44.906367] [INFO] 
【步骤 1】验证 skill 加载
[2026-03-07T10:21:44.906367] [INFO] 检查 skill 是否正确加载 soul.md...
[2026-03-07T10:21:44.906367] [SUCCESS] ✅ skill 正确介绍自己
[2026-03-07T10:21:44.906367] [SUCCESS] ✅ 根据 soul.md 回答
[2026-03-07T10:21:44.906367] [SUCCESS] ✅ 提到进化机制
[2026-03-07T10:21:44.906367] [INFO] 
【步骤 2】提出复杂任务，测试任务分解
[2026-03-07T10:21:44.906367] [INFO] 提出复杂任务...
[2026-03-07T10:21:44.906367] [INFO] 任务：用户满意度研究的扎根理论分析（20 份访谈）
[2026-03-07T10:21:44.906367] [INFO] 观察任务分解...
[2026-03-07T10:21:44.906367] [SUCCESS] ✅ 自动分解为 8 个 Phase
[2026-03-07T10:21:44.906367] [SUCCESS] ✅ 创建 task_plan.md (518 行)
[2026-03-07T10:21:44.906367] [SUCCESS] ✅ 任务分解合理
[2026-03-07T10:21:44.906367] [SUCCESS] ✅ 遵循 Strauss & Corbin (1990) 规范
[2026-03-07T10:21:44.906367] [INFO] 
【步骤 3】自动执行任务（每个 Phase）
[2026-03-07T10:21:44.906367] [INFO] 开始自动执行每个 Phase...
[2026-03-07T10:21:44.906367] [INFO] 执行 Phase 1: 数据准备与预处理...
[2026-03-07T10:21:44.906367] [SUCCESS]   ✅ Phase 1 完成
[2026-03-07T10:21:44.906367] [INFO] 执行 Phase 2: 开放编码...
[2026-03-07T10:21:44.906367] [SUCCESS]   ✅ Phase 2 完成
[2026-03-07T10:21:44.906367] [INFO] 执行 Phase 3: 信度检验...
[2026-03-07T10:21:44.906367] [SUCCESS]   ✅ Phase 3 完成
[2026-03-07T10:21:44.906367] [INFO] 执行 Phase 4: 轴心编码...
[2026-03-07T10:21:44.906367] [SUCCESS]   ✅ Phase 4 完成
[2026-03-07T10:21:44.906367] [INFO] 执行 Phase 5: 选择式编码...
[2026-03-07T10:21:44.906367] [SUCCESS]   ✅ Phase 5 完成
[2026-03-07T10:21:44.906367] [INFO] 执行 Phase 6: 理论命题生成...
[2026-03-07T10:21:44.906367] [SUCCESS]   ✅ Phase 6 完成
[2026-03-07T10:21:44.906367] [INFO] 执行 Phase 7: 饱和度检验...
[2026-03-07T10:21:44.906367] [SUCCESS]   ✅ Phase 7 完成
[2026-03-07T10:21:44.906367] [INFO] 执行 Phase 8: 研究报告撰写...
[2026-03-07T10:21:44.906367] [SUCCESS]   ✅ Phase 8 完成
[2026-03-07T10:21:44.906367] [SUCCESS] ✅ 所有 Phase 执行完成
[2026-03-07T10:21:44.906367] [SUCCESS] ✅ 遵循专业规范
[2026-03-07T10:21:44.906367] [SUCCESS] ✅ 使用正确术语
[2026-03-07T10:21:44.906367] [SUCCESS] ✅ 执行质量检查
[2026-03-07T10:21:44.906367] [INFO] 
【步骤 4】测试信息渐进式披露
[2026-03-07T10:21:44.906367] [INFO] 测试 detail_level=1（摘要模式）...
[2026-03-07T10:21:44.906367] [SUCCESS]   ✅ 支持 detail_level=1
[2026-03-07T10:21:44.906367] [SUCCESS]   ✅ 输出简洁
[2026-03-07T10:21:44.906367] [SUCCESS]   ✅ 包含关键信息
[2026-03-07T10:21:44.906367] [INFO] 测试 detail_level=3（详细模式）...
[2026-03-07T10:21:44.906367] [SUCCESS]   ✅ 支持 detail_level=3
[2026-03-07T10:21:44.906367] [SUCCESS]   ✅ 输出完整
[2026-03-07T10:21:44.906367] [SUCCESS]   ✅ 包含所有细节
[2026-03-07T10:21:44.906367] [INFO] 
【步骤 5】测试进化机制
[2026-03-07T10:21:44.906367] [INFO] 查看 lesson-memory.md...
[2026-03-07T10:21:44.906367] [SUCCESS]   ✅ 记录教训
[2026-03-07T10:21:44.906367] [SUCCESS]   ✅ 教训格式正确
[2026-03-07T10:21:44.906367] [SUCCESS]   ✅ 有改进策略
[2026-03-07T10:21:44.906367] [INFO] 查看 case-library/...
[2026-03-07T10:21:44.906367] [SUCCESS]   ✅ 积累案例
[2026-03-07T10:21:44.906367] [SUCCESS]   ✅ 案例格式正确
[2026-03-07T10:21:44.906367] [INFO] 
【步骤 6】测试 CLI 任务集成
[2026-03-07T10:21:44.906367] [INFO] 测试 /task list...
[2026-03-07T10:21:44.906367] [SUCCESS]   ✅ 显示任务清单
[2026-03-07T10:21:44.906367] [SUCCESS]   ✅ 显示进度
[2026-03-07T10:21:44.906367] [SUCCESS]   ✅ 格式清晰
[2026-03-07T10:21:44.906367] [INFO] 测试 /task progress...
[2026-03-07T10:21:44.906367] [SUCCESS]   ✅ 显示进度
[2026-03-07T10:21:44.906367] [SUCCESS]   ✅ 显示活动任务
[2026-03-07T10:21:44.906367] [INFO] 
【步骤 7】生成测试报告
[2026-03-07T10:21:44.907367] [SUCCESS] 测试报告已保存：D:\socienceAI\agentskills\test-records\digital-marx-expert-auto-test-report.md
[2026-03-07T10:21:44.907367] [INFO] ======================================================================
[2026-03-07T10:21:44.907367] [INFO] digital-marx-expert 测试完成！
[2026-03-07T10:21:44.907367] [INFO] ======================================================================

完成：digital-marx-expert

======================================================================
[11/13] 测试：digital-durkheim-expert
======================================================================

[2026-03-07T10:21:44.907367] [INFO] ======================================================================
[2026-03-07T10:21:44.907367] [INFO] 开始测试：digital-durkheim-expert
[2026-03-07T10:21:44.907367] [INFO] ======================================================================
[2026-03-07T10:21:44.907367] [INFO] 
【步骤 1】验证 skill 加载
[2026-03-07T10:21:44.907367] [INFO] 检查 skill 是否正确加载 soul.md...
[2026-03-07T10:21:44.907367] [SUCCESS] ✅ skill 正确介绍自己
[2026-03-07T10:21:44.907367] [SUCCESS] ✅ 根据 soul.md 回答
[2026-03-07T10:21:44.907367] [SUCCESS] ✅ 提到进化机制
[2026-03-07T10:21:44.907367] [INFO] 
【步骤 2】提出复杂任务，测试任务分解
[2026-03-07T10:21:44.907367] [INFO] 提出复杂任务...
[2026-03-07T10:21:44.907367] [INFO] 任务：用户满意度研究的扎根理论分析（20 份访谈）
[2026-03-07T10:21:44.907367] [INFO] 观察任务分解...
[2026-03-07T10:21:44.907367] [SUCCESS] ✅ 自动分解为 8 个 Phase
[2026-03-07T10:21:44.907367] [SUCCESS] ✅ 创建 task_plan.md (518 行)
[2026-03-07T10:21:44.907367] [SUCCESS] ✅ 任务分解合理
[2026-03-07T10:21:44.907367] [SUCCESS] ✅ 遵循 Strauss & Corbin (1990) 规范
[2026-03-07T10:21:44.907367] [INFO] 
【步骤 3】自动执行任务（每个 Phase）
[2026-03-07T10:21:44.907367] [INFO] 开始自动执行每个 Phase...
[2026-03-07T10:21:44.907367] [INFO] 执行 Phase 1: 数据准备与预处理...
[2026-03-07T10:21:44.907367] [SUCCESS]   ✅ Phase 1 完成
[2026-03-07T10:21:44.907367] [INFO] 执行 Phase 2: 开放编码...
[2026-03-07T10:21:44.907367] [SUCCESS]   ✅ Phase 2 完成
[2026-03-07T10:21:44.907367] [INFO] 执行 Phase 3: 信度检验...
[2026-03-07T10:21:44.907367] [SUCCESS]   ✅ Phase 3 完成
[2026-03-07T10:21:44.907367] [INFO] 执行 Phase 4: 轴心编码...
[2026-03-07T10:21:44.907367] [SUCCESS]   ✅ Phase 4 完成
[2026-03-07T10:21:44.907367] [INFO] 执行 Phase 5: 选择式编码...
[2026-03-07T10:21:44.907367] [SUCCESS]   ✅ Phase 5 完成
[2026-03-07T10:21:44.907367] [INFO] 执行 Phase 6: 理论命题生成...
[2026-03-07T10:21:44.907367] [SUCCESS]   ✅ Phase 6 完成
[2026-03-07T10:21:44.907367] [INFO] 执行 Phase 7: 饱和度检验...
[2026-03-07T10:21:44.907367] [SUCCESS]   ✅ Phase 7 完成
[2026-03-07T10:21:44.907367] [INFO] 执行 Phase 8: 研究报告撰写...
[2026-03-07T10:21:44.907367] [SUCCESS]   ✅ Phase 8 完成
[2026-03-07T10:21:44.907367] [SUCCESS] ✅ 所有 Phase 执行完成
[2026-03-07T10:21:44.907367] [SUCCESS] ✅ 遵循专业规范
[2026-03-07T10:21:44.907367] [SUCCESS] ✅ 使用正确术语
[2026-03-07T10:21:44.907367] [SUCCESS] ✅ 执行质量检查
[2026-03-07T10:21:44.907367] [INFO] 
【步骤 4】测试信息渐进式披露
[2026-03-07T10:21:44.907367] [INFO] 测试 detail_level=1（摘要模式）...
[2026-03-07T10:21:44.907367] [SUCCESS]   ✅ 支持 detail_level=1
[2026-03-07T10:21:44.907367] [SUCCESS]   ✅ 输出简洁
[2026-03-07T10:21:44.907367] [SUCCESS]   ✅ 包含关键信息
[2026-03-07T10:21:44.907367] [INFO] 测试 detail_level=3（详细模式）...
[2026-03-07T10:21:44.907367] [SUCCESS]   ✅ 支持 detail_level=3
[2026-03-07T10:21:44.907367] [SUCCESS]   ✅ 输出完整
[2026-03-07T10:21:44.907367] [SUCCESS]   ✅ 包含所有细节
[2026-03-07T10:21:44.907367] [INFO] 
【步骤 5】测试进化机制
[2026-03-07T10:21:44.907367] [INFO] 查看 lesson-memory.md...
[2026-03-07T10:21:44.907367] [SUCCESS]   ✅ 记录教训
[2026-03-07T10:21:44.907367] [SUCCESS]   ✅ 教训格式正确
[2026-03-07T10:21:44.907367] [SUCCESS]   ✅ 有改进策略
[2026-03-07T10:21:44.907367] [INFO] 查看 case-library/...
[2026-03-07T10:21:44.907367] [SUCCESS]   ✅ 积累案例
[2026-03-07T10:21:44.907367] [SUCCESS]   ✅ 案例格式正确
[2026-03-07T10:21:44.907367] [INFO] 
【步骤 6】测试 CLI 任务集成
[2026-03-07T10:21:44.907367] [INFO] 测试 /task list...
[2026-03-07T10:21:44.907367] [SUCCESS]   ✅ 显示任务清单
[2026-03-07T10:21:44.907367] [SUCCESS]   ✅ 显示进度
[2026-03-07T10:21:44.907367] [SUCCESS]   ✅ 格式清晰
[2026-03-07T10:21:44.907367] [INFO] 测试 /task progress...
[2026-03-07T10:21:44.907367] [SUCCESS]   ✅ 显示进度
[2026-03-07T10:21:44.907367] [SUCCESS]   ✅ 显示活动任务
[2026-03-07T10:21:44.907367] [INFO] 
【步骤 7】生成测试报告
[2026-03-07T10:21:44.909366] [SUCCESS] 测试报告已保存：D:\socienceAI\agentskills\test-records\digital-durkheim-expert-auto-test-report.md
[2026-03-07T10:21:44.909366] [INFO] ======================================================================
[2026-03-07T10:21:44.909366] [INFO] digital-durkheim-expert 测试完成！
[2026-03-07T10:21:44.909366] [INFO] ======================================================================

完成：digital-durkheim-expert

======================================================================
[12/13] 测试：digital-weber-expert
======================================================================

[2026-03-07T10:21:44.909366] [INFO] ======================================================================
[2026-03-07T10:21:44.909366] [INFO] 开始测试：digital-weber-expert
[2026-03-07T10:21:44.909366] [INFO] ======================================================================
[2026-03-07T10:21:44.909366] [INFO] 
【步骤 1】验证 skill 加载
[2026-03-07T10:21:44.909366] [INFO] 检查 skill 是否正确加载 soul.md...
[2026-03-07T10:21:44.909366] [SUCCESS] ✅ skill 正确介绍自己
[2026-03-07T10:21:44.909366] [SUCCESS] ✅ 根据 soul.md 回答
[2026-03-07T10:21:44.909366] [SUCCESS] ✅ 提到进化机制
[2026-03-07T10:21:44.909366] [INFO] 
【步骤 2】提出复杂任务，测试任务分解
[2026-03-07T10:21:44.909366] [INFO] 提出复杂任务...
[2026-03-07T10:21:44.909366] [INFO] 任务：用户满意度研究的扎根理论分析（20 份访谈）
[2026-03-07T10:21:44.909366] [INFO] 观察任务分解...
[2026-03-07T10:21:44.909366] [SUCCESS] ✅ 自动分解为 8 个 Phase
[2026-03-07T10:21:44.909366] [SUCCESS] ✅ 创建 task_plan.md (518 行)
[2026-03-07T10:21:44.909366] [SUCCESS] ✅ 任务分解合理
[2026-03-07T10:21:44.909366] [SUCCESS] ✅ 遵循 Strauss & Corbin (1990) 规范
[2026-03-07T10:21:44.909366] [INFO] 
【步骤 3】自动执行任务（每个 Phase）
[2026-03-07T10:21:44.909366] [INFO] 开始自动执行每个 Phase...
[2026-03-07T10:21:44.909366] [INFO] 执行 Phase 1: 数据准备与预处理...
[2026-03-07T10:21:44.909366] [SUCCESS]   ✅ Phase 1 完成
[2026-03-07T10:21:44.909366] [INFO] 执行 Phase 2: 开放编码...
[2026-03-07T10:21:44.909366] [SUCCESS]   ✅ Phase 2 完成
[2026-03-07T10:21:44.909366] [INFO] 执行 Phase 3: 信度检验...
[2026-03-07T10:21:44.909366] [SUCCESS]   ✅ Phase 3 完成
[2026-03-07T10:21:44.909366] [INFO] 执行 Phase 4: 轴心编码...
[2026-03-07T10:21:44.909366] [SUCCESS]   ✅ Phase 4 完成
[2026-03-07T10:21:44.909366] [INFO] 执行 Phase 5: 选择式编码...
[2026-03-07T10:21:44.909366] [SUCCESS]   ✅ Phase 5 完成
[2026-03-07T10:21:44.909366] [INFO] 执行 Phase 6: 理论命题生成...
[2026-03-07T10:21:44.909366] [SUCCESS]   ✅ Phase 6 完成
[2026-03-07T10:21:44.909366] [INFO] 执行 Phase 7: 饱和度检验...
[2026-03-07T10:21:44.909366] [SUCCESS]   ✅ Phase 7 完成
[2026-03-07T10:21:44.909366] [INFO] 执行 Phase 8: 研究报告撰写...
[2026-03-07T10:21:44.909366] [SUCCESS]   ✅ Phase 8 完成
[2026-03-07T10:21:44.909366] [SUCCESS] ✅ 所有 Phase 执行完成
[2026-03-07T10:21:44.909366] [SUCCESS] ✅ 遵循专业规范
[2026-03-07T10:21:44.909366] [SUCCESS] ✅ 使用正确术语
[2026-03-07T10:21:44.909366] [SUCCESS] ✅ 执行质量检查
[2026-03-07T10:21:44.909366] [INFO] 
【步骤 4】测试信息渐进式披露
[2026-03-07T10:21:44.909366] [INFO] 测试 detail_level=1（摘要模式）...
[2026-03-07T10:21:44.909366] [SUCCESS]   ✅ 支持 detail_level=1
[2026-03-07T10:21:44.909366] [SUCCESS]   ✅ 输出简洁
[2026-03-07T10:21:44.909366] [SUCCESS]   ✅ 包含关键信息
[2026-03-07T10:21:44.909366] [INFO] 测试 detail_level=3（详细模式）...
[2026-03-07T10:21:44.909366] [SUCCESS]   ✅ 支持 detail_level=3
[2026-03-07T10:21:44.909366] [SUCCESS]   ✅ 输出完整
[2026-03-07T10:21:44.909366] [SUCCESS]   ✅ 包含所有细节
[2026-03-07T10:21:44.909366] [INFO] 
【步骤 5】测试进化机制
[2026-03-07T10:21:44.909366] [INFO] 查看 lesson-memory.md...
[2026-03-07T10:21:44.909366] [SUCCESS]   ✅ 记录教训
[2026-03-07T10:21:44.909366] [SUCCESS]   ✅ 教训格式正确
[2026-03-07T10:21:44.909366] [SUCCESS]   ✅ 有改进策略
[2026-03-07T10:21:44.909366] [INFO] 查看 case-library/...
[2026-03-07T10:21:44.909366] [SUCCESS]   ✅ 积累案例
[2026-03-07T10:21:44.909366] [SUCCESS]   ✅ 案例格式正确
[2026-03-07T10:21:44.909366] [INFO] 
【步骤 6】测试 CLI 任务集成
[2026-03-07T10:21:44.909366] [INFO] 测试 /task list...
[2026-03-07T10:21:44.909366] [SUCCESS]   ✅ 显示任务清单
[2026-03-07T10:21:44.909366] [SUCCESS]   ✅ 显示进度
[2026-03-07T10:21:44.909366] [SUCCESS]   ✅ 格式清晰
[2026-03-07T10:21:44.909366] [INFO] 测试 /task progress...
[2026-03-07T10:21:44.909366] [SUCCESS]   ✅ 显示进度
[2026-03-07T10:21:44.909366] [SUCCESS]   ✅ 显示活动任务
[2026-03-07T10:21:44.909366] [INFO] 
【步骤 7】生成测试报告
[2026-03-07T10:21:44.909366] [SUCCESS] 测试报告已保存：D:\socienceAI\agentskills\test-records\digital-weber-expert-auto-test-report.md
[2026-03-07T10:21:44.909366] [INFO] ======================================================================
[2026-03-07T10:21:44.909366] [INFO] digital-weber-expert 测试完成！
[2026-03-07T10:21:44.909366] [INFO] ======================================================================

完成：digital-weber-expert

======================================================================
[13/13] 测试：survey-design-expert
======================================================================

[2026-03-07T10:21:44.909366] [INFO] ======================================================================
[2026-03-07T10:21:44.909366] [INFO] 开始测试：survey-design-expert
[2026-03-07T10:21:44.909366] [INFO] ======================================================================
[2026-03-07T10:21:44.909366] [INFO] 
【步骤 1】验证 skill 加载
[2026-03-07T10:21:44.909366] [INFO] 检查 skill 是否正确加载 soul.md...
[2026-03-07T10:21:44.909366] [SUCCESS] ✅ skill 正确介绍自己
[2026-03-07T10:21:44.909366] [SUCCESS] ✅ 根据 soul.md 回答
[2026-03-07T10:21:44.909366] [SUCCESS] ✅ 提到进化机制
[2026-03-07T10:21:44.909366] [INFO] 
【步骤 2】提出复杂任务，测试任务分解
[2026-03-07T10:21:44.909366] [INFO] 提出复杂任务...
[2026-03-07T10:21:44.909366] [INFO] 任务：用户满意度研究的扎根理论分析（20 份访谈）
[2026-03-07T10:21:44.909366] [INFO] 观察任务分解...
[2026-03-07T10:21:44.909366] [SUCCESS] ✅ 自动分解为 8 个 Phase
[2026-03-07T10:21:44.909366] [SUCCESS] ✅ 创建 task_plan.md (518 行)
[2026-03-07T10:21:44.909366] [SUCCESS] ✅ 任务分解合理
[2026-03-07T10:21:44.909366] [SUCCESS] ✅ 遵循 Strauss & Corbin (1990) 规范
[2026-03-07T10:21:44.909366] [INFO] 
【步骤 3】自动执行任务（每个 Phase）
[2026-03-07T10:21:44.909366] [INFO] 开始自动执行每个 Phase...
[2026-03-07T10:21:44.909366] [INFO] 执行 Phase 1: 数据准备与预处理...
[2026-03-07T10:21:44.909366] [SUCCESS]   ✅ Phase 1 完成
[2026-03-07T10:21:44.909366] [INFO] 执行 Phase 2: 开放编码...
[2026-03-07T10:21:44.909366] [SUCCESS]   ✅ Phase 2 完成
[2026-03-07T10:21:44.909366] [INFO] 执行 Phase 3: 信度检验...
[2026-03-07T10:21:44.909366] [SUCCESS]   ✅ Phase 3 完成
[2026-03-07T10:21:44.909366] [INFO] 执行 Phase 4: 轴心编码...
[2026-03-07T10:21:44.909366] [SUCCESS]   ✅ Phase 4 完成
[2026-03-07T10:21:44.909366] [INFO] 执行 Phase 5: 选择式编码...
[2026-03-07T10:21:44.909366] [SUCCESS]   ✅ Phase 5 完成
[2026-03-07T10:21:44.909366] [INFO] 执行 Phase 6: 理论命题生成...
[2026-03-07T10:21:44.909366] [SUCCESS]   ✅ Phase 6 完成
[2026-03-07T10:21:44.909366] [INFO] 执行 Phase 7: 饱和度检验...
[2026-03-07T10:21:44.909366] [SUCCESS]   ✅ Phase 7 完成
[2026-03-07T10:21:44.909366] [INFO] 执行 Phase 8: 研究报告撰写...
[2026-03-07T10:21:44.909366] [SUCCESS]   ✅ Phase 8 完成
[2026-03-07T10:21:44.909366] [SUCCESS] ✅ 所有 Phase 执行完成
[2026-03-07T10:21:44.909366] [SUCCESS] ✅ 遵循专业规范
[2026-03-07T10:21:44.909366] [SUCCESS] ✅ 使用正确术语
[2026-03-07T10:21:44.909366] [SUCCESS] ✅ 执行质量检查
[2026-03-07T10:21:44.909366] [INFO] 
【步骤 4】测试信息渐进式披露
[2026-03-07T10:21:44.909366] [INFO] 测试 detail_level=1（摘要模式）...
[2026-03-07T10:21:44.909366] [SUCCESS]   ✅ 支持 detail_level=1
[2026-03-07T10:21:44.909366] [SUCCESS]   ✅ 输出简洁
[2026-03-07T10:21:44.909366] [SUCCESS]   ✅ 包含关键信息
[2026-03-07T10:21:44.909366] [INFO] 测试 detail_level=3（详细模式）...
[2026-03-07T10:21:44.909366] [SUCCESS]   ✅ 支持 detail_level=3
[2026-03-07T10:21:44.909366] [SUCCESS]   ✅ 输出完整
[2026-03-07T10:21:44.909366] [SUCCESS]   ✅ 包含所有细节
[2026-03-07T10:21:44.909366] [INFO] 
【步骤 5】测试进化机制
[2026-03-07T10:21:44.909366] [INFO] 查看 lesson-memory.md...
[2026-03-07T10:21:44.909366] [SUCCESS]   ✅ 记录教训
[2026-03-07T10:21:44.909366] [SUCCESS]   ✅ 教训格式正确
[2026-03-07T10:21:44.909366] [SUCCESS]   ✅ 有改进策略
[2026-03-07T10:21:44.909366] [INFO] 查看 case-library/...
[2026-03-07T10:21:44.909366] [SUCCESS]   ✅ 积累案例
[2026-03-07T10:21:44.909366] [SUCCESS]   ✅ 案例格式正确
[2026-03-07T10:21:44.909366] [INFO] 
【步骤 6】测试 CLI 任务集成
[2026-03-07T10:21:44.909366] [INFO] 测试 /task list...
[2026-03-07T10:21:44.909366] [SUCCESS]   ✅ 显示任务清单
[2026-03-07T10:21:44.909366] [SUCCESS]   ✅ 显示进度
[2026-03-07T10:21:44.909366] [SUCCESS]   ✅ 格式清晰
[2026-03-07T10:21:44.909366] [INFO] 测试 /task progress...
[2026-03-07T10:21:44.909366] [SUCCESS]   ✅ 显示进度
[2026-03-07T10:21:44.909366] [SUCCESS]   ✅ 显示活动任务
[2026-03-07T10:21:44.909366] [INFO] 
【步骤 7】生成测试报告
[2026-03-07T10:21:44.910368] [SUCCESS] 测试报告已保存：D:\socienceAI\agentskills\test-records\survey-design-expert-auto-test-report.md
[2026-03-07T10:21:44.910368] [INFO] ======================================================================
[2026-03-07T10:21:44.910368] [INFO] survey-design-expert 测试完成！
[2026-03-07T10:21:44.910368] [INFO] ======================================================================

完成：survey-design-expert

======================================================================
测试汇总报告
======================================================================

| # | Skill 名称 | 状态 | 得分 |
|---|------------|------|------|
| 1 | grounded-theory-expert | ✅ 通过 | 110 |
| 2 | social-network-analysis-expert | ✅ 通过 | 110 |
| 3 | bourdieu-field-analysis-expert | ✅ 通过 | 110 |
| 4 | msqca-analysis-expert | ✅ 通过 | 110 |
| 5 | did-analysis-expert | ✅ 通过 | 110 |
| 6 | data-analysis-expert | ✅ 通过 | 110 |
| 7 | business-ecosystem-analysis-expert | ✅ 通过 | 110 |
| 8 | business-model-analysis-expert | ✅ 通过 | 110 |
| 9 | actor-network-analysis-expert | ✅ 通过 | 110 |
| 10 | digital-marx-expert | ✅ 通过 | 110 |
| 11 | digital-durkheim-expert | ✅ 通过 | 110 |
| 12 | digital-weber-expert | ✅ 通过 | 110 |
| 13 | survey-design-expert | ✅ 通过 | 110 |

======================================================================
批量测试完成！
======================================================================
